<?xml version="1.0" encoding="ISO-8859-1" ?>
<link_info>
   <banner>TI ARM Linker PC v18.12.4.LTS</banner>
   <copyright>Copyright (c) 1996-2018 Texas Instruments Incorporated</copyright>
   <link_time>0x5eb893c8</link_time>
   <link_errors>0x0</link_errors>
   <output_file>spi_demo.out</output_file>
   <entry_point>
      <name>_c_int00_noargs</name>
      <address>0x20008739</address>
   </entry_point>
   <input_file_list>
      <input_file id="fl-2">
         <path>.\</path>
         <kind>object</kind>
         <file>Adafruit_GFX.obj</file>
         <name>Adafruit_GFX.obj</name>
      </input_file>
      <input_file id="fl-3">
         <path>.\</path>
         <kind>object</kind>
         <file>Adafruit_OLED.obj</file>
         <name>Adafruit_OLED.obj</name>
      </input_file>
      <input_file id="fl-4">
         <path>.\</path>
         <kind>object</kind>
         <file>i2c_if.obj</file>
         <name>i2c_if.obj</name>
      </input_file>
      <input_file id="fl-5">
         <path>.\</path>
         <kind>object</kind>
         <file>main.obj</file>
         <name>main.obj</name>
      </input_file>
      <input_file id="fl-6">
         <path>.\</path>
         <kind>object</kind>
         <file>pin_mux_config.obj</file>
         <name>pin_mux_config.obj</name>
      </input_file>
      <input_file id="fl-7">
         <path>.\</path>
         <kind>object</kind>
         <file>startup_ccs.obj</file>
         <name>startup_ccs.obj</name>
      </input_file>
      <input_file id="fl-8">
         <path>.\</path>
         <kind>object</kind>
         <file>test.obj</file>
         <name>test.obj</name>
      </input_file>
      <input_file id="fl-9">
         <path>.\</path>
         <kind>object</kind>
         <file>uart_if.obj</file>
         <name>uart_if.obj</name>
      </input_file>
      <input_file id="fl-e">
         <kind>object</kind>
         <file>&lt;internal&gt;</file>
         <name>&lt;internal&gt;</name>
      </input_file>
      <input_file id="fl-f">
         <path>C:\ti\CC3200SDK_1.4.0\cc3200-sdk\driverlib\ccs\Release\</path>
         <kind>archive</kind>
         <file>driverlib.a</file>
         <name>gpio.obj</name>
      </input_file>
      <input_file id="fl-10">
         <path>C:\ti\CC3200SDK_1.4.0\cc3200-sdk\driverlib\ccs\Release\</path>
         <kind>archive</kind>
         <file>driverlib.a</file>
         <name>i2c.obj</name>
      </input_file>
      <input_file id="fl-11">
         <path>C:\ti\CC3200SDK_1.4.0\cc3200-sdk\driverlib\ccs\Release\</path>
         <kind>archive</kind>
         <file>driverlib.a</file>
         <name>interrupt.obj</name>
      </input_file>
      <input_file id="fl-12">
         <path>C:\ti\CC3200SDK_1.4.0\cc3200-sdk\driverlib\ccs\Release\</path>
         <kind>archive</kind>
         <file>driverlib.a</file>
         <name>pin.obj</name>
      </input_file>
      <input_file id="fl-13">
         <path>C:\ti\CC3200SDK_1.4.0\cc3200-sdk\driverlib\ccs\Release\</path>
         <kind>archive</kind>
         <file>driverlib.a</file>
         <name>prcm.obj</name>
      </input_file>
      <input_file id="fl-14">
         <path>C:\ti\CC3200SDK_1.4.0\cc3200-sdk\driverlib\ccs\Release\</path>
         <kind>archive</kind>
         <file>driverlib.a</file>
         <name>spi.obj</name>
      </input_file>
      <input_file id="fl-15">
         <path>C:\ti\CC3200SDK_1.4.0\cc3200-sdk\driverlib\ccs\Release\</path>
         <kind>archive</kind>
         <file>driverlib.a</file>
         <name>uart.obj</name>
      </input_file>
      <input_file id="fl-16">
         <path>C:\ti\CC3200SDK_1.4.0\cc3200-sdk\driverlib\ccs\Release\</path>
         <kind>archive</kind>
         <file>driverlib.a</file>
         <name>utils.obj</name>
      </input_file>
      <input_file id="fl-17">
         <path>C:\ti\CC3200SDK_1.4.0\cc3200-sdk\driverlib\ccs\Release\</path>
         <kind>archive</kind>
         <file>driverlib.a</file>
         <name>cpu.obj</name>
      </input_file>
      <input_file id="fl-18">
         <path>C:\ti\CC3200SDK_1.4.0\cc3200-sdk\driverlib\ccs\Release\</path>
         <kind>archive</kind>
         <file>driverlib.a</file>
         <name>flash.obj</name>
      </input_file>
      <input_file id="fl-ce">
         <path>C:\ti\ccs930\ccs\tools\compiler\ti-cgt-arm_18.12.4.LTS\lib\</path>
         <kind>archive</kind>
         <file>rtsv7M4_T_le_eabi.lib</file>
         <name>vsnprintf.c.obj</name>
      </input_file>
      <input_file id="fl-cf">
         <path>C:\ti\ccs930\ccs\tools\compiler\ti-cgt-arm_18.12.4.LTS\lib\</path>
         <kind>archive</kind>
         <file>rtsv7M4_T_le_eabi.lib</file>
         <name>fs_toi_t2.asm.obj</name>
      </input_file>
      <input_file id="fl-d0">
         <path>C:\ti\ccs930\ccs\tools\compiler\ti-cgt-arm_18.12.4.LTS\lib\</path>
         <kind>archive</kind>
         <file>rtsv7M4_T_le_eabi.lib</file>
         <name>i_tofs_t2.asm.obj</name>
      </input_file>
      <input_file id="fl-d1">
         <path>C:\ti\ccs930\ccs\tools\compiler\ti-cgt-arm_18.12.4.LTS\lib\</path>
         <kind>archive</kind>
         <file>rtsv7M4_T_le_eabi.lib</file>
         <name>memcpy_t2.asm.obj</name>
      </input_file>
      <input_file id="fl-d2">
         <path>C:\ti\ccs930\ccs\tools\compiler\ti-cgt-arm_18.12.4.LTS\lib\</path>
         <kind>archive</kind>
         <file>rtsv7M4_T_le_eabi.lib</file>
         <name>ull_div_t2.asm.obj</name>
      </input_file>
      <input_file id="fl-d3">
         <path>C:\ti\ccs930\ccs\tools\compiler\ti-cgt-arm_18.12.4.LTS\lib\</path>
         <kind>archive</kind>
         <file>rtsv7M4_T_le_eabi.lib</file>
         <name>copy_zero_init.c.obj</name>
      </input_file>
      <input_file id="fl-d4">
         <path>C:\ti\ccs930\ccs\tools\compiler\ti-cgt-arm_18.12.4.LTS\lib\</path>
         <kind>archive</kind>
         <file>rtsv7M4_T_le_eabi.lib</file>
         <name>copy_decompress_none.c.obj</name>
      </input_file>
      <input_file id="fl-d5">
         <path>C:\ti\ccs930\ccs\tools\compiler\ti-cgt-arm_18.12.4.LTS\lib\</path>
         <kind>archive</kind>
         <file>rtsv7M4_T_le_eabi.lib</file>
         <name>copy_decompress_lzss.c.obj</name>
      </input_file>
      <input_file id="fl-d6">
         <path>C:\ti\ccs930\ccs\tools\compiler\ti-cgt-arm_18.12.4.LTS\lib\</path>
         <kind>archive</kind>
         <file>rtsv7M4_T_le_eabi.lib</file>
         <name>memmov.c.obj</name>
      </input_file>
      <input_file id="fl-d7">
         <path>C:\ti\ccs930\ccs\tools\compiler\ti-cgt-arm_18.12.4.LTS\lib\</path>
         <kind>archive</kind>
         <file>rtsv7M4_T_le_eabi.lib</file>
         <name>memory.c.obj</name>
      </input_file>
      <input_file id="fl-d8">
         <path>C:\ti\ccs930\ccs\tools\compiler\ti-cgt-arm_18.12.4.LTS\lib\</path>
         <kind>archive</kind>
         <file>rtsv7M4_T_le_eabi.lib</file>
         <name>strlen.c.obj</name>
      </input_file>
      <input_file id="fl-d9">
         <path>C:\ti\ccs930\ccs\tools\compiler\ti-cgt-arm_18.12.4.LTS\lib\</path>
         <kind>archive</kind>
         <file>rtsv7M4_T_le_eabi.lib</file>
         <name>boot_cortex_m.c.obj</name>
      </input_file>
      <input_file id="fl-da">
         <path>C:\ti\ccs930\ccs\tools\compiler\ti-cgt-arm_18.12.4.LTS\lib\</path>
         <kind>archive</kind>
         <file>rtsv7M4_T_le_eabi.lib</file>
         <name>_printfi.c.obj</name>
      </input_file>
      <input_file id="fl-db">
         <path>C:\ti\ccs930\ccs\tools\compiler\ti-cgt-arm_18.12.4.LTS\lib\</path>
         <kind>archive</kind>
         <file>rtsv7M4_T_le_eabi.lib</file>
         <name>div0.asm.obj</name>
      </input_file>
      <input_file id="fl-dc">
         <path>C:\ti\ccs930\ccs\tools\compiler\ti-cgt-arm_18.12.4.LTS\lib\</path>
         <kind>archive</kind>
         <file>rtsv7M4_T_le_eabi.lib</file>
         <name>fd_add_t2.asm.obj</name>
      </input_file>
      <input_file id="fl-dd">
         <path>C:\ti\ccs930\ccs\tools\compiler\ti-cgt-arm_18.12.4.LTS\lib\</path>
         <kind>archive</kind>
         <file>rtsv7M4_T_le_eabi.lib</file>
         <name>fd_cmp_t2.asm.obj</name>
      </input_file>
      <input_file id="fl-de">
         <path>C:\ti\ccs930\ccs\tools\compiler\ti-cgt-arm_18.12.4.LTS\lib\</path>
         <kind>archive</kind>
         <file>rtsv7M4_T_le_eabi.lib</file>
         <name>fd_div_t2.asm.obj</name>
      </input_file>
      <input_file id="fl-df">
         <path>C:\ti\ccs930\ccs\tools\compiler\ti-cgt-arm_18.12.4.LTS\lib\</path>
         <kind>archive</kind>
         <file>rtsv7M4_T_le_eabi.lib</file>
         <name>fd_mul_t2.asm.obj</name>
      </input_file>
      <input_file id="fl-e0">
         <path>C:\ti\ccs930\ccs\tools\compiler\ti-cgt-arm_18.12.4.LTS\lib\</path>
         <kind>archive</kind>
         <file>rtsv7M4_T_le_eabi.lib</file>
         <name>fd_toi_t2.asm.obj</name>
      </input_file>
      <input_file id="fl-e1">
         <path>C:\ti\ccs930\ccs\tools\compiler\ti-cgt-arm_18.12.4.LTS\lib\</path>
         <kind>archive</kind>
         <file>rtsv7M4_T_le_eabi.lib</file>
         <name>i_tofd_t2.asm.obj</name>
      </input_file>
      <input_file id="fl-e2">
         <path>C:\ti\ccs930\ccs\tools\compiler\ti-cgt-arm_18.12.4.LTS\lib\</path>
         <kind>archive</kind>
         <file>rtsv7M4_T_le_eabi.lib</file>
         <name>memset_t2.asm.obj</name>
      </input_file>
      <input_file id="fl-e3">
         <path>C:\ti\ccs930\ccs\tools\compiler\ti-cgt-arm_18.12.4.LTS\lib\</path>
         <kind>archive</kind>
         <file>rtsv7M4_T_le_eabi.lib</file>
         <name>autoinit.c.obj</name>
      </input_file>
      <input_file id="fl-e4">
         <path>C:\ti\ccs930\ccs\tools\compiler\ti-cgt-arm_18.12.4.LTS\lib\</path>
         <kind>archive</kind>
         <file>rtsv7M4_T_le_eabi.lib</file>
         <name>pre_init.c.obj</name>
      </input_file>
      <input_file id="fl-e5">
         <path>C:\ti\ccs930\ccs\tools\compiler\ti-cgt-arm_18.12.4.LTS\lib\</path>
         <kind>archive</kind>
         <file>rtsv7M4_T_le_eabi.lib</file>
         <name>cpy_tbl.c.obj</name>
      </input_file>
      <input_file id="fl-e6">
         <path>C:\ti\ccs930\ccs\tools\compiler\ti-cgt-arm_18.12.4.LTS\lib\</path>
         <kind>archive</kind>
         <file>rtsv7M4_T_le_eabi.lib</file>
         <name>exit.c.obj</name>
      </input_file>
      <input_file id="fl-e7">
         <path>C:\ti\ccs930\ccs\tools\compiler\ti-cgt-arm_18.12.4.LTS\lib\</path>
         <kind>archive</kind>
         <file>rtsv7M4_T_le_eabi.lib</file>
         <name>_lock.c.obj</name>
      </input_file>
      <input_file id="fl-e8">
         <path>C:\ti\ccs930\ccs\tools\compiler\ti-cgt-arm_18.12.4.LTS\lib\</path>
         <kind>archive</kind>
         <file>rtsv7M4_T_le_eabi.lib</file>
         <name>args_main.c.obj</name>
      </input_file>
      <input_file id="fl-e9">
         <path>C:\ti\ccs930\ccs\tools\compiler\ti-cgt-arm_18.12.4.LTS\lib\</path>
         <kind>archive</kind>
         <file>rtsv7M4_T_le_eabi.lib</file>
         <name>atoi.c.obj</name>
      </input_file>
      <input_file id="fl-ea">
         <path>C:\ti\ccs930\ccs\tools\compiler\ti-cgt-arm_18.12.4.LTS\lib\</path>
         <kind>archive</kind>
         <file>rtsv7M4_T_le_eabi.lib</file>
         <name>ctype.c.obj</name>
      </input_file>
      <input_file id="fl-eb">
         <path>C:\ti\ccs930\ccs\tools\compiler\ti-cgt-arm_18.12.4.LTS\lib\</path>
         <kind>archive</kind>
         <file>rtsv7M4_T_le_eabi.lib</file>
         <name>ltoa.c.obj</name>
      </input_file>
      <input_file id="fl-ec">
         <path>C:\ti\ccs930\ccs\tools\compiler\ti-cgt-arm_18.12.4.LTS\lib\</path>
         <kind>archive</kind>
         <file>rtsv7M4_T_le_eabi.lib</file>
         <name>memccpy.c.obj</name>
      </input_file>
      <input_file id="fl-ed">
         <path>C:\ti\ccs930\ccs\tools\compiler\ti-cgt-arm_18.12.4.LTS\lib\</path>
         <kind>archive</kind>
         <file>rtsv7M4_T_le_eabi.lib</file>
         <name>strchr.c.obj</name>
      </input_file>
      <input_file id="fl-ee">
         <path>C:\ti\ccs930\ccs\tools\compiler\ti-cgt-arm_18.12.4.LTS\lib\</path>
         <kind>archive</kind>
         <file>rtsv7M4_T_le_eabi.lib</file>
         <name>errno.c.obj</name>
      </input_file>
      <input_file id="fl-ef">
         <path>C:\ti\ccs930\ccs\tools\compiler\ti-cgt-arm_18.12.4.LTS\lib\</path>
         <kind>archive</kind>
         <file>rtsv7M4_T_le_eabi.lib</file>
         <name>wcslen.c.obj</name>
      </input_file>
      <input_file id="fl-f0">
         <path>C:\ti\ccs930\ccs\tools\compiler\ti-cgt-arm_18.12.4.LTS\lib\</path>
         <kind>archive</kind>
         <file>rtsv7M4_T_le_eabi.lib</file>
         <name>s_frexp.c.obj</name>
      </input_file>
      <input_file id="fl-f1">
         <path>C:\ti\ccs930\ccs\tools\compiler\ti-cgt-arm_18.12.4.LTS\lib\</path>
         <kind>archive</kind>
         <file>rtsv7M4_T_le_eabi.lib</file>
         <name>s_scalbn.c.obj</name>
      </input_file>
      <input_file id="fl-f2">
         <path>C:\ti\ccs930\ccs\tools\compiler\ti-cgt-arm_18.12.4.LTS\lib\</path>
         <kind>archive</kind>
         <file>rtsv7M4_T_le_eabi.lib</file>
         <name>s_copysign.c.obj</name>
      </input_file>
   </input_file_list>
   <object_component_list>
      <object_component id="oc-f">
         <name>.intvecs</name>
         <load_address>0x20004000</load_address>
         <run_address>0x20004000</run_address>
         <size>0x400</size>
         <input_file_ref idref="fl-7"/>
      </object_component>
      <object_component id="oc-132">
         <name>.text</name>
         <load_address>0x20004400</load_address>
         <run_address>0x20004400</run_address>
         <size>0xa80</size>
         <input_file_ref idref="fl-2"/>
      </object_component>
      <object_component id="oc-2f8">
         <name>.text:__TI_printfi</name>
         <load_address>0x20004e80</load_address>
         <run_address>0x20004e80</run_address>
         <size>0xa4e</size>
         <input_file_ref idref="fl-da"/>
      </object_component>
      <object_component id="oc-371">
         <name>.text:_nop</name>
         <load_address>0x200058ce</load_address>
         <run_address>0x200058ce</run_address>
         <size>0x2</size>
         <input_file_ref idref="fl-e7"/>
      </object_component>
      <object_component id="oc-12c">
         <name>.text</name>
         <load_address>0x200058d0</load_address>
         <run_address>0x200058d0</run_address>
         <size>0x4a2</size>
         <input_file_ref idref="fl-3"/>
      </object_component>
      <object_component id="oc-484">
         <name>.text</name>
         <load_address>0x20005d72</load_address>
         <run_address>0x20005d72</run_address>
         <size>0x2</size>
         <input_file_ref idref="fl-db"/>
      </object_component>
      <object_component id="oc-94">
         <name>.text</name>
         <load_address>0x20005d74</load_address>
         <run_address>0x20005d74</run_address>
         <size>0x2b8</size>
         <input_file_ref idref="fl-5"/>
      </object_component>
      <object_component id="oc-126">
         <name>.text</name>
         <load_address>0x2000602c</load_address>
         <run_address>0x2000602c</run_address>
         <size>0x2b4</size>
         <input_file_ref idref="fl-4"/>
      </object_component>
      <object_component id="oc-f6">
         <name>.text</name>
         <load_address>0x200062e0</load_address>
         <run_address>0x200062e0</run_address>
         <size>0x280</size>
         <input_file_ref idref="fl-9"/>
      </object_component>
      <object_component id="oc-3bb">
         <name>.text:_pconv_a</name>
         <load_address>0x20006560</load_address>
         <run_address>0x20006560</run_address>
         <size>0x268</size>
         <input_file_ref idref="fl-da"/>
      </object_component>
      <object_component id="oc-3a9">
         <name>.text:_pconv_g</name>
         <load_address>0x200067c8</load_address>
         <run_address>0x200067c8</run_address>
         <size>0x1cc</size>
         <input_file_ref idref="fl-da"/>
      </object_component>
      <object_component id="oc-42f">
         <name>.text</name>
         <load_address>0x20006994</load_address>
         <run_address>0x20006994</run_address>
         <size>0x1b6</size>
         <input_file_ref idref="fl-dc"/>
      </object_component>
      <object_component id="oc-e4">
         <name>.text</name>
         <load_address>0x20006b4c</load_address>
         <run_address>0x20006b4c</run_address>
         <size>0x184</size>
         <input_file_ref idref="fl-6"/>
      </object_component>
      <object_component id="oc-de">
         <name>.text:PRCMCC3200MCUInit</name>
         <load_address>0x20006cd0</load_address>
         <run_address>0x20006cd0</run_address>
         <size>0x178</size>
         <input_file_ref idref="fl-13"/>
      </object_component>
      <object_component id="oc-3b5">
         <name>.text:_pconv_e</name>
         <load_address>0x20006e48</load_address>
         <run_address>0x20006e48</run_address>
         <size>0x13c</size>
         <input_file_ref idref="fl-da"/>
      </object_component>
      <object_component id="oc-415">
         <name>.text</name>
         <load_address>0x20006f84</load_address>
         <run_address>0x20006f84</run_address>
         <size>0x136</size>
         <input_file_ref idref="fl-de"/>
      </object_component>
      <object_component id="oc-441">
         <name>.text:fcvt</name>
         <load_address>0x200070bc</load_address>
         <run_address>0x200070bc</run_address>
         <size>0x120</size>
         <input_file_ref idref="fl-da"/>
      </object_component>
      <object_component id="oc-31c">
         <name>.text:aligned_alloc</name>
         <load_address>0x200071dc</load_address>
         <run_address>0x200071dc</run_address>
         <size>0x118</size>
         <input_file_ref idref="fl-d7"/>
      </object_component>
      <object_component id="oc-410">
         <name>.text</name>
         <load_address>0x200072f4</load_address>
         <run_address>0x200072f4</run_address>
         <size>0xfc</size>
         <input_file_ref idref="fl-df"/>
      </object_component>
      <object_component id="oc-204">
         <name>.text:realloc</name>
         <load_address>0x200073f0</load_address>
         <run_address>0x200073f0</run_address>
         <size>0xe8</size>
         <input_file_ref idref="fl-d7"/>
      </object_component>
      <object_component id="oc-20a">
         <name>.text:free</name>
         <load_address>0x200074d8</load_address>
         <run_address>0x200074d8</run_address>
         <size>0xe4</size>
         <input_file_ref idref="fl-d7"/>
      </object_component>
      <object_component id="oc-231">
         <name>.text:SPITransfer32</name>
         <load_address>0x200075bc</load_address>
         <run_address>0x200075bc</run_address>
         <size>0xd0</size>
         <input_file_ref idref="fl-14"/>
      </object_component>
      <object_component id="oc-455">
         <name>.text:scalbn</name>
         <load_address>0x2000768c</load_address>
         <run_address>0x2000768c</run_address>
         <size>0xd0</size>
         <input_file_ref idref="fl-f1"/>
      </object_component>
      <object_component id="oc-22b">
         <name>.text:SPITransfer16</name>
         <load_address>0x2000775c</load_address>
         <run_address>0x2000775c</run_address>
         <size>0xce</size>
         <input_file_ref idref="fl-14"/>
      </object_component>
      <object_component id="oc-225">
         <name>.text:SPITransfer8</name>
         <load_address>0x2000782a</load_address>
         <run_address>0x2000782a</run_address>
         <size>0xb8</size>
         <input_file_ref idref="fl-14"/>
      </object_component>
      <object_component id="oc-39e">
         <name>.text:_ltostr</name>
         <load_address>0x200078e4</load_address>
         <run_address>0x200078e4</run_address>
         <size>0xb1</size>
         <input_file_ref idref="fl-da"/>
      </object_component>
      <object_component id="oc-d8">
         <name>.text:IntEnable</name>
         <load_address>0x20007998</load_address>
         <run_address>0x20007998</run_address>
         <size>0xa8</size>
         <input_file_ref idref="fl-11"/>
      </object_component>
      <object_component id="oc-10e">
         <name>.text:SPIConfigSetExpClk</name>
         <load_address>0x20007a40</load_address>
         <run_address>0x20007a40</run_address>
         <size>0xa0</size>
         <input_file_ref idref="fl-14"/>
      </object_component>
      <object_component id="oc-3a">
         <name>.text</name>
         <load_address>0x20007ae0</load_address>
         <run_address>0x20007ae0</run_address>
         <size>0x9c</size>
         <input_file_ref idref="fl-d1"/>
      </object_component>
      <object_component id="oc-409">
         <name>.text</name>
         <load_address>0x20007b7c</load_address>
         <run_address>0x20007b7c</run_address>
         <size>0x96</size>
         <input_file_ref idref="fl-d2"/>
      </object_component>
      <object_component id="oc-108">
         <name>.text:PRCMPeripheralClockGet</name>
         <load_address>0x20007c14</load_address>
         <run_address>0x20007c14</run_address>
         <size>0x94</size>
         <input_file_ref idref="fl-13"/>
      </object_component>
      <object_component id="oc-2dd">
         <name>.text:PinConfigSet</name>
         <load_address>0x20007ca8</load_address>
         <run_address>0x20007ca8</run_address>
         <size>0x88</size>
         <input_file_ref idref="fl-12"/>
      </object_component>
      <object_component id="oc-11a">
         <name>.text:SPITransfer</name>
         <load_address>0x20007d30</load_address>
         <run_address>0x20007d30</run_address>
         <size>0x88</size>
         <input_file_ref idref="fl-14"/>
      </object_component>
      <object_component id="oc-3a4">
         <name>.text:__aeabi_cdcmple</name>
         <load_address>0x20007db8</load_address>
         <run_address>0x20007db8</run_address>
         <size>0x86</size>
         <input_file_ref idref="fl-dd"/>
      </object_component>
      <object_component id="oc-41a">
         <name>.text:__aeabi_cdrcmple</name>
         <load_address>0x20007e3e</load_address>
         <run_address>0x20007e3e</run_address>
         <size>0x86</size>
         <input_file_ref idref="fl-dd"/>
      </object_component>
      <object_component id="oc-276">
         <name>.text:I2CMasterInitExpClk</name>
         <load_address>0x20007ec4</load_address>
         <run_address>0x20007ec4</run_address>
         <size>0x84</size>
         <input_file_ref idref="fl-10"/>
      </object_component>
      <object_component id="oc-88">
         <name>.text</name>
         <load_address>0x20007f48</load_address>
         <run_address>0x20007f48</run_address>
         <size>0x7a</size>
         <input_file_ref idref="fl-e2"/>
      </object_component>
      <object_component id="oc-1d4">
         <name>.text:UARTConfigSetExpClk</name>
         <load_address>0x20007fc2</load_address>
         <run_address>0x20007fc2</run_address>
         <size>0x76</size>
         <input_file_ref idref="fl-15"/>
      </object_component>
      <object_component id="oc-329">
         <name>.text:split</name>
         <load_address>0x20008038</load_address>
         <run_address>0x20008038</run_address>
         <size>0x70</size>
         <input_file_ref idref="fl-d7"/>
      </object_component>
      <object_component id="oc-43a">
         <name>.text:_mcpy</name>
         <load_address>0x200080a8</load_address>
         <run_address>0x200080a8</run_address>
         <size>0x6e</size>
         <input_file_ref idref="fl-da"/>
      </object_component>
      <object_component id="oc-12">
         <name>.text:decompress:lzss:__TI_decompress_lzss</name>
         <load_address>0x20008116</load_address>
         <run_address>0x20008116</run_address>
         <size>0x68</size>
         <input_file_ref idref="fl-d5"/>
      </object_component>
      <object_component id="oc-44f">
         <name>.text:frexp</name>
         <load_address>0x20008180</load_address>
         <run_address>0x20008180</run_address>
         <size>0x5c</size>
         <input_file_ref idref="fl-f0"/>
      </object_component>
      <object_component id="oc-fc">
         <name>.text:PRCMPeripheralReset</name>
         <load_address>0x200081dc</load_address>
         <run_address>0x200081dc</run_address>
         <size>0x58</size>
         <input_file_ref idref="fl-13"/>
      </object_component>
      <object_component id="oc-3af">
         <name>.text:_pconv_f</name>
         <load_address>0x20008234</load_address>
         <run_address>0x20008234</run_address>
         <size>0x56</size>
         <input_file_ref idref="fl-da"/>
      </object_component>
      <object_component id="oc-424">
         <name>.text:ltoa</name>
         <load_address>0x2000828a</load_address>
         <run_address>0x2000828a</run_address>
         <size>0x54</size>
         <input_file_ref idref="fl-eb"/>
      </object_component>
      <object_component id="oc-434">
         <name>.text:_ecpy</name>
         <load_address>0x200082de</load_address>
         <run_address>0x200082de</run_address>
         <size>0x52</size>
         <input_file_ref idref="fl-da"/>
      </object_component>
      <object_component id="oc-398">
         <name>.text:atoi</name>
         <load_address>0x20008330</load_address>
         <run_address>0x20008330</run_address>
         <size>0x4c</size>
         <input_file_ref idref="fl-e9"/>
      </object_component>
      <object_component id="oc-41f">
         <name>.text</name>
         <load_address>0x2000837c</load_address>
         <run_address>0x2000837c</run_address>
         <size>0x48</size>
         <input_file_ref idref="fl-e0"/>
      </object_component>
      <object_component id="oc-14c">
         <name>.text:__TI_auto_init_nobinit_nopinit:__TI_auto_init_nobinit_nopinit</name>
         <load_address>0x200083c4</load_address>
         <run_address>0x200083c4</run_address>
         <size>0x44</size>
         <input_file_ref idref="fl-e3"/>
      </object_component>
      <object_component id="oc-1aa">
         <name>.text:PinModeSet</name>
         <load_address>0x20008408</load_address>
         <run_address>0x20008408</run_address>
         <size>0x40</size>
         <input_file_ref idref="fl-12"/>
      </object_component>
      <object_component id="oc-1e0">
         <name>.text:vsnprintf</name>
         <load_address>0x20008448</load_address>
         <run_address>0x20008448</run_address>
         <size>0x40</size>
         <input_file_ref idref="fl-ce"/>
      </object_component>
      <object_component id="oc-447">
         <name>.text:_fcpy</name>
         <load_address>0x20008488</load_address>
         <run_address>0x20008488</run_address>
         <size>0x3e</size>
         <input_file_ref idref="fl-da"/>
      </object_component>
      <object_component id="oc-f0">
         <name>.text:PRCMPeripheralClkEnable</name>
         <load_address>0x200084c8</load_address>
         <run_address>0x200084c8</run_address>
         <size>0x3c</size>
         <input_file_ref idref="fl-13"/>
      </object_component>
      <object_component id="oc-c7">
         <name>.text</name>
         <load_address>0x20008504</load_address>
         <run_address>0x20008504</run_address>
         <size>0x38</size>
         <input_file_ref idref="fl-cf"/>
      </object_component>
      <object_component id="oc-c2">
         <name>.text</name>
         <load_address>0x2000853c</load_address>
         <run_address>0x2000853c</run_address>
         <size>0x38</size>
         <input_file_ref idref="fl-d0"/>
      </object_component>
      <object_component id="oc-1b6">
         <name>.text:GPIODirModeSet</name>
         <load_address>0x20008574</load_address>
         <run_address>0x20008574</run_address>
         <size>0x36</size>
         <input_file_ref idref="fl-f"/>
      </object_component>
      <object_component id="oc-1b0">
         <name>.text:PinTypeGPIO</name>
         <load_address>0x200085aa</load_address>
         <run_address>0x200085aa</run_address>
         <size>0x30</size>
         <input_file_ref idref="fl-12"/>
      </object_component>
      <object_component id="oc-2ea">
         <name>.text:UARTDisable</name>
         <load_address>0x200085dc</load_address>
         <run_address>0x200085dc</run_address>
         <size>0x30</size>
         <input_file_ref idref="fl-15"/>
      </object_component>
      <object_component id="oc-2fe">
         <name>.text:_outs</name>
         <load_address>0x2000860c</load_address>
         <run_address>0x2000860c</run_address>
         <size>0x30</size>
         <input_file_ref idref="fl-ce"/>
      </object_component>
      <object_component id="oc-42a">
         <name>.text</name>
         <load_address>0x2000863c</load_address>
         <run_address>0x2000863c</run_address>
         <size>0x2e</size>
         <input_file_ref idref="fl-e1"/>
      </object_component>
      <object_component id="oc-252">
         <name>.text:I2CMasterErr</name>
         <load_address>0x2000866a</load_address>
         <run_address>0x2000866a</run_address>
         <size>0x2c</size>
         <input_file_ref idref="fl-10"/>
      </object_component>
      <object_component id="oc-191">
         <name>.text:PRCMSysResetCauseGet</name>
         <load_address>0x20008698</load_address>
         <run_address>0x20008698</run_address>
         <size>0x2c</size>
         <input_file_ref idref="fl-13"/>
      </object_component>
      <object_component id="oc-1a3">
         <name>.text:PRCMPeripheralClkDisable</name>
         <load_address>0x200086c4</load_address>
         <run_address>0x200086c4</run_address>
         <size>0x28</size>
         <input_file_ref idref="fl-13"/>
      </object_component>
      <object_component id="oc-330">
         <name>.text:free_list_insert</name>
         <load_address>0x200086ec</load_address>
         <run_address>0x200086ec</run_address>
         <size>0x28</size>
         <input_file_ref idref="fl-d7"/>
      </object_component>
      <object_component id="oc-2f0">
         <name>.text:UARTEnable</name>
         <load_address>0x20008714</load_address>
         <run_address>0x20008714</run_address>
         <size>0x24</size>
         <input_file_ref idref="fl-15"/>
      </object_component>
      <object_component id="oc-58">
         <name>.text:_c_int00_noargs:_c_int00_noargs</name>
         <load_address>0x20008738</load_address>
         <run_address>0x20008738</run_address>
         <size>0x24</size>
         <input_file_ref idref="fl-d9"/>
      </object_component>
      <object_component id="oc-1f8">
         <name>.text:memmove</name>
         <load_address>0x2000875c</load_address>
         <run_address>0x2000875c</run_address>
         <size>0x24</size>
         <input_file_ref idref="fl-d6"/>
      </object_component>
      <object_component id="oc-258">
         <name>.text:I2CMasterSlaveAddrSet</name>
         <load_address>0x20008780</load_address>
         <run_address>0x20008780</run_address>
         <size>0x22</size>
         <input_file_ref idref="fl-10"/>
      </object_component>
      <object_component id="oc-102">
         <name>.text:SPIReset</name>
         <load_address>0x200087a2</load_address>
         <run_address>0x200087a2</run_address>
         <size>0x22</size>
         <input_file_ref idref="fl-14"/>
      </object_component>
      <object_component id="oc-283">
         <name>.text:GPIOPinWrite</name>
         <load_address>0x200087c4</load_address>
         <run_address>0x200087c4</run_address>
         <size>0x20</size>
         <input_file_ref idref="fl-f"/>
      </object_component>
      <object_component id="oc-28f">
         <name>.text:SPIDataGet</name>
         <load_address>0x200087e4</load_address>
         <run_address>0x200087e4</run_address>
         <size>0x20</size>
         <input_file_ref idref="fl-14"/>
      </object_component>
      <object_component id="oc-23a">
         <name>.text:I2CMasterIntStatusEx</name>
         <load_address>0x20008804</load_address>
         <run_address>0x20008804</run_address>
         <size>0x1e</size>
         <input_file_ref idref="fl-10"/>
      </object_component>
      <object_component id="oc-289">
         <name>.text:SPIDataPut</name>
         <load_address>0x20008822</load_address>
         <run_address>0x20008822</run_address>
         <size>0x1e</size>
         <input_file_ref idref="fl-14"/>
      </object_component>
      <object_component id="oc-1da">
         <name>.text:UARTCharPut</name>
         <load_address>0x20008840</load_address>
         <run_address>0x20008840</run_address>
         <size>0x1e</size>
         <input_file_ref idref="fl-15"/>
      </object_component>
      <object_component id="oc-1c8">
         <name>.text:PinTypeI2C</name>
         <load_address>0x2000885e</load_address>
         <run_address>0x2000885e</run_address>
         <size>0x1c</size>
         <input_file_ref idref="fl-12"/>
      </object_component>
      <object_component id="oc-1ec">
         <name>.text:UARTCharGetNonBlocking</name>
         <load_address>0x2000887a</load_address>
         <run_address>0x2000887a</run_address>
         <size>0x1c</size>
         <input_file_ref idref="fl-15"/>
      </object_component>
      <object_component id="oc-46">
         <name>.text:decompress:ZI:__TI_zero_init_nomemset:__TI_zero_init_nomemset</name>
         <load_address>0x20008896</load_address>
         <run_address>0x20008896</run_address>
         <size>0x1c</size>
         <input_file_ref idref="fl-d3"/>
      </object_component>
      <object_component id="oc-323">
         <name>.text:free_list_remove</name>
         <load_address>0x200088b4</load_address>
         <run_address>0x200088b4</run_address>
         <size>0x1c</size>
         <input_file_ref idref="fl-d7"/>
      </object_component>
      <object_component id="oc-3c1">
         <name>.text:memccpy</name>
         <load_address>0x200088d0</load_address>
         <run_address>0x200088d0</run_address>
         <size>0x1c</size>
         <input_file_ref idref="fl-ec"/>
      </object_component>
      <object_component id="oc-1bc">
         <name>.text:PinTypeSPI</name>
         <load_address>0x200088ec</load_address>
         <run_address>0x200088ec</run_address>
         <size>0x1a</size>
         <input_file_ref idref="fl-12"/>
      </object_component>
      <object_component id="oc-1c2">
         <name>.text:PinTypeUART</name>
         <load_address>0x20008906</load_address>
         <run_address>0x20008906</run_address>
         <size>0x1a</size>
         <input_file_ref idref="fl-12"/>
      </object_component>
      <object_component id="oc-ea">
         <name>.text:SPIFIFOEnable</name>
         <load_address>0x20008920</load_address>
         <run_address>0x20008920</run_address>
         <size>0x1a</size>
         <input_file_ref idref="fl-14"/>
      </object_component>
      <object_component id="oc-270">
         <name>.text:I2CMasterIntEnableEx</name>
         <load_address>0x2000893a</load_address>
         <run_address>0x2000893a</run_address>
         <size>0x18</size>
         <input_file_ref idref="fl-10"/>
      </object_component>
      <object_component id="oc-295">
         <name>.text:SPICSDisable</name>
         <load_address>0x20008952</load_address>
         <run_address>0x20008952</run_address>
         <size>0x18</size>
         <input_file_ref idref="fl-14"/>
      </object_component>
      <object_component id="oc-120">
         <name>.text:SPICSEnable</name>
         <load_address>0x2000896a</load_address>
         <run_address>0x2000896a</run_address>
         <size>0x18</size>
         <input_file_ref idref="fl-14"/>
      </object_component>
      <object_component id="oc-114">
         <name>.text:SPIEnable</name>
         <load_address>0x20008982</load_address>
         <run_address>0x20008982</run_address>
         <size>0x18</size>
         <input_file_ref idref="fl-14"/>
      </object_component>
      <object_component id="oc-1e6">
         <name>.text:UARTCharsAvail</name>
         <load_address>0x2000899a</load_address>
         <run_address>0x2000899a</run_address>
         <size>0x18</size>
         <input_file_ref idref="fl-15"/>
      </object_component>
      <object_component id="oc-304">
         <name>.text:_outc</name>
         <load_address>0x200089b2</load_address>
         <run_address>0x200089b2</run_address>
         <size>0x18</size>
         <input_file_ref idref="fl-ce"/>
      </object_component>
      <object_component id="oc-25e">
         <name>.text:I2CMasterDataPut</name>
         <load_address>0x200089ca</load_address>
         <run_address>0x200089ca</run_address>
         <size>0x16</size>
         <input_file_ref idref="fl-10"/>
      </object_component>
      <object_component id="oc-26a">
         <name>.text:I2CMasterEnable</name>
         <load_address>0x200089e0</load_address>
         <run_address>0x200089e0</run_address>
         <size>0x16</size>
         <input_file_ref idref="fl-10"/>
      </object_component>
      <object_component id="oc-197">
         <name>.text:PRCMHIBRegRead</name>
         <load_address>0x200089f6</load_address>
         <run_address>0x200089f6</run_address>
         <size>0x16</size>
         <input_file_ref idref="fl-13"/>
      </object_component>
      <object_component id="oc-19d">
         <name>.text:PRCMHIBRegWrite</name>
         <load_address>0x20008a0c</load_address>
         <run_address>0x20008a0c</run_address>
         <size>0x16</size>
         <input_file_ref idref="fl-13"/>
      </object_component>
      <object_component id="oc-45b">
         <name>.text:strchr</name>
         <load_address>0x20008a22</load_address>
         <run_address>0x20008a22</run_address>
         <size>0x16</size>
         <input_file_ref idref="fl-ed"/>
      </object_component>
      <object_component id="oc-181">
         <name>.text:CPUcpsie</name>
         <load_address>0x20008a38</load_address>
         <run_address>0x20008a38</run_address>
         <size>0x14</size>
         <input_file_ref idref="fl-17"/>
      </object_component>
      <object_component id="oc-cc">
         <name>.text:IntVTableBaseSet</name>
         <load_address>0x20008a4c</load_address>
         <run_address>0x20008a4c</run_address>
         <size>0x14</size>
         <input_file_ref idref="fl-11"/>
      </object_component>
      <object_component id="oc-1f2">
         <name>.text:strlen</name>
         <load_address>0x20008a60</load_address>
         <run_address>0x20008a60</run_address>
         <size>0x14</size>
         <input_file_ref idref="fl-d8"/>
      </object_component>
      <object_component id="oc-24c">
         <name>.text:I2CMasterControl</name>
         <load_address>0x20008a74</load_address>
         <run_address>0x20008a74</run_address>
         <size>0x12</size>
         <input_file_ref idref="fl-10"/>
      </object_component>
      <object_component id="oc-240">
         <name>.text:I2CMasterIntClearEx</name>
         <load_address>0x20008a86</load_address>
         <run_address>0x20008a86</run_address>
         <size>0x12</size>
         <input_file_ref idref="fl-10"/>
      </object_component>
      <object_component id="oc-246">
         <name>.text:I2CMasterTimeoutSet</name>
         <load_address>0x20008a98</load_address>
         <run_address>0x20008a98</run_address>
         <size>0x12</size>
         <input_file_ref idref="fl-10"/>
      </object_component>
      <object_component id="oc-3c7">
         <name>.text:wcslen</name>
         <load_address>0x20008aaa</load_address>
         <run_address>0x20008aaa</run_address>
         <size>0x12</size>
         <input_file_ref idref="fl-ef"/>
      </object_component>
      <object_component id="oc-264">
         <name>.text:I2CMasterDataGet</name>
         <load_address>0x20008abc</load_address>
         <run_address>0x20008abc</run_address>
         <size>0xe</size>
         <input_file_ref idref="fl-10"/>
      </object_component>
      <object_component id="oc-18">
         <name>.text:decompress:none:__TI_decompress_none</name>
         <load_address>0x20008aca</load_address>
         <run_address>0x20008aca</run_address>
         <size>0xe</size>
         <input_file_ref idref="fl-d4"/>
      </object_component>
      <object_component id="oc-26">
         <name>.text</name>
         <load_address>0x20008ad8</load_address>
         <run_address>0x20008ad8</run_address>
         <size>0xe</size>
         <input_file_ref idref="fl-7"/>
      </object_component>
      <object_component id="oc-49d">
         <name>.text:copysign</name>
         <load_address>0x20008ae6</load_address>
         <run_address>0x20008ae6</run_address>
         <size>0xc</size>
         <input_file_ref idref="fl-f2"/>
      </object_component>
      <object_component id="oc-d2">
         <name>.text:IntMasterEnable</name>
         <load_address>0x20008af2</load_address>
         <run_address>0x20008af2</run_address>
         <size>0xa</size>
         <input_file_ref idref="fl-11"/>
      </object_component>
      <object_component id="oc-3cd">
         <name>.text:__aeabi_errno_addr</name>
         <load_address>0x20008afc</load_address>
         <run_address>0x20008afc</run_address>
         <size>0x8</size>
         <input_file_ref idref="fl-ee"/>
      </object_component>
      <object_component id="oc-1fe">
         <name>.text:malloc</name>
         <load_address>0x20008b04</load_address>
         <run_address>0x20008b04</run_address>
         <size>0x8</size>
         <input_file_ref idref="fl-d7"/>
      </object_component>
      <object_component id="oc-2d5">
         <name>.text:UtilsDelay</name>
         <load_address>0x20008b0c</load_address>
         <run_address>0x20008b0c</run_address>
         <size>0x6</size>
         <input_file_ref idref="fl-16"/>
      </object_component>
      <object_component id="oc-8e">
         <name>.text:_system_pre_init</name>
         <load_address>0x20008b12</load_address>
         <run_address>0x20008b12</run_address>
         <size>0x4</size>
         <input_file_ref idref="fl-e4"/>
      </object_component>
      <object_component id="oc-140">
         <name>.text:abort:abort</name>
         <load_address>0x20008b16</load_address>
         <run_address>0x20008b16</run_address>
         <size>0x4</size>
         <input_file_ref idref="fl-e6"/>
      </object_component>
      <object_component id="oc-29d">
         <name>.const:.string:font</name>
         <load_address>0x20008b1c</load_address>
         <run_address>0x20008b1c</run_address>
         <size>0x4fb</size>
         <input_file_ref idref="fl-2"/>
      </object_component>
      <object_component id="oc-404">
         <name>.const:.string:_ctypes_</name>
         <load_address>0x20009017</load_address>
         <run_address>0x20009017</run_address>
         <size>0x101</size>
         <input_file_ref idref="fl-ea"/>
      </object_component>
      <object_component id="oc-2d9">
         <name>.const:g_ulPinToPadMap</name>
         <load_address>0x20009118</load_address>
         <run_address>0x20009118</run_address>
         <size>0x100</size>
         <input_file_ref idref="fl-12"/>
      </object_component>
      <object_component id="oc-1d0">
         <name>.const:PRCM_PeriphRegsList</name>
         <load_address>0x20009218</load_address>
         <run_address>0x20009218</run_address>
         <size>0xa8</size>
         <input_file_ref idref="fl-13"/>
      </object_component>
      <object_component id="oc-18d">
         <name>.const:g_pulEnRegs</name>
         <load_address>0x200092c0</load_address>
         <run_address>0x200092c0</run_address>
         <size>0x18</size>
         <input_file_ref idref="fl-11"/>
      </object_component>
      <object_component id="oc-4fa">
         <name>.cinit..data.load</name>
         <load_address>0x200092d8</load_address>
         <run_address>0x200092d8</run_address>
         <size>0x20</size>
      </object_component>
      <object_component id="oc-4f8">
         <name>__TI_handler_table</name>
         <load_address>0x200092f8</load_address>
         <run_address>0x200092f8</run_address>
         <size>0xc</size>
      </object_component>
      <object_component id="oc-4fb">
         <name>.cinit..bss.load</name>
         <load_address>0x20009308</load_address>
         <run_address>0x20009308</run_address>
         <size>0x8</size>
      </object_component>
      <object_component id="oc-4f9">
         <name>__TI_cinit_table</name>
         <load_address>0x20009310</load_address>
         <run_address>0x20009310</run_address>
         <size>0x10</size>
      </object_component>
      <object_component id="oc-2a0">
         <name>.data</name>
         <load_address>0x200178cc</load_address>
         <run_address>0x200178cc</run_address>
         <size>0x15</size>
         <input_file_ref idref="fl-2"/>
      </object_component>
      <object_component id="oc-3e7">
         <name>.data:$O1$$</name>
         <load_address>0x200178ec</load_address>
         <run_address>0x200178ec</run_address>
         <size>0x8</size>
         <input_file_ref idref="fl-d7"/>
      </object_component>
      <object_component id="oc-2b4">
         <name>.data:$O1$$</name>
         <load_address>0x200178e4</load_address>
         <run_address>0x200178e4</run_address>
         <size>0x8</size>
         <input_file_ref idref="fl-e7"/>
      </object_component>
      <object_component id="oc-46b">
         <name>.data</name>
         <load_address>0x200178f4</load_address>
         <run_address>0x200178f4</run_address>
         <size>0x4</size>
         <input_file_ref idref="fl-ee"/>
      </object_component>
      <object_component id="oc-138">
         <name>.bss:g_ucTxBuff</name>
         <uninitialized>true</uninitialized>
         <run_address>0x20017864</run_address>
         <size>0x64</size>
         <input_file_ref idref="fl-5"/>
      </object_component>
      <object_component id="oc-13b">
         <name>.bss:g_ucRxBuff</name>
         <uninitialized>true</uninitialized>
         <run_address>0x20017800</run_address>
         <size>0x64</size>
         <input_file_ref idref="fl-5"/>
      </object_component>
      <object_component id="oc-210">
         <name>.bss</name>
         <uninitialized>true</uninitialized>
         <run_address>0x200178c8</run_address>
         <size>0x4</size>
         <input_file_ref idref="fl-9"/>
      </object_component>
      <object_component id="oc-20">
         <name>.sysmem</name>
         <uninitialized>true</uninitialized>
         <run_address>0x20017000</run_address>
         <size>0x10</size>
         <input_file_ref idref="fl-d7"/>
      </object_component>
      <object_component id="oc-4fd">
         <name>.sysmem</name>
         <uninitialized>true</uninitialized>
         <run_address>0x20017000</run_address>
         <size>0x0</size>
      </object_component>
      <object_component id="oc-23">
         <name>.stack</name>
         <uninitialized>true</uninitialized>
         <run_address>0x2002f800</run_address>
         <size>0x4</size>
         <input_file_ref idref="fl-d9"/>
      </object_component>
      <object_component id="oc-4fc">
         <name>.stack</name>
         <uninitialized>true</uninitialized>
         <run_address>0x2002f800</run_address>
         <size>0x0</size>
      </object_component>
      <object_component id="oc-2a4">
         <name>.debug_info</name>
         <load_address>0x0</load_address>
         <run_address>0x0</run_address>
         <size>0x21e</size>
         <input_file_ref idref="fl-2"/>
      </object_component>
      <object_component id="oc-29e">
         <name>.debug_info</name>
         <load_address>0x21e</load_address>
         <run_address>0x21e</run_address>
         <size>0xd0</size>
         <input_file_ref idref="fl-2"/>
      </object_component>
      <object_component id="oc-2a1">
         <name>.debug_info</name>
         <load_address>0x2ee</load_address>
         <run_address>0x2ee</run_address>
         <size>0x17e</size>
         <input_file_ref idref="fl-2"/>
      </object_component>
      <object_component id="oc-133">
         <name>.debug_info</name>
         <load_address>0x46c</load_address>
         <run_address>0x46c</run_address>
         <size>0x153c</size>
         <input_file_ref idref="fl-2"/>
      </object_component>
      <object_component id="oc-35">
         <name>.debug_info</name>
         <load_address>0x19a8</load_address>
         <run_address>0x19a8</run_address>
         <size>0x84</size>
         <input_file_ref idref="fl-2"/>
      </object_component>
      <object_component id="oc-29c">
         <name>.debug_info</name>
         <load_address>0x1a2c</load_address>
         <run_address>0x1a2c</run_address>
         <size>0x219</size>
         <input_file_ref idref="fl-3"/>
      </object_component>
      <object_component id="oc-130">
         <name>.debug_info</name>
         <load_address>0x1c45</load_address>
         <run_address>0x1c45</run_address>
         <size>0xe5f</size>
         <input_file_ref idref="fl-3"/>
      </object_component>
      <object_component id="oc-342">
         <name>.debug_info</name>
         <load_address>0x2aa4</load_address>
         <run_address>0x2aa4</run_address>
         <size>0x62</size>
         <input_file_ref idref="fl-3"/>
      </object_component>
      <object_component id="oc-188">
         <name>.debug_info</name>
         <load_address>0x2b06</load_address>
         <run_address>0x2b06</run_address>
         <size>0x2c</size>
         <input_file_ref idref="fl-3"/>
      </object_component>
      <object_component id="oc-b9">
         <name>.debug_info</name>
         <load_address>0x2b32</load_address>
         <run_address>0x2b32</run_address>
         <size>0x2c</size>
         <input_file_ref idref="fl-3"/>
      </object_component>
      <object_component id="oc-282">
         <name>.debug_info</name>
         <load_address>0x2b5e</load_address>
         <run_address>0x2b5e</run_address>
         <size>0x4b9</size>
         <input_file_ref idref="fl-4"/>
      </object_component>
      <object_component id="oc-127">
         <name>.debug_info</name>
         <load_address>0x3017</load_address>
         <run_address>0x3017</run_address>
         <size>0x9eb</size>
         <input_file_ref idref="fl-4"/>
      </object_component>
      <object_component id="oc-2ab">
         <name>.debug_info</name>
         <load_address>0x3a02</load_address>
         <run_address>0x3a02</run_address>
         <size>0x26b</size>
         <input_file_ref idref="fl-4"/>
      </object_component>
      <object_component id="oc-21a">
         <name>.debug_info</name>
         <load_address>0x3c6d</load_address>
         <run_address>0x3c6d</run_address>
         <size>0x110</size>
         <input_file_ref idref="fl-4"/>
      </object_component>
      <object_component id="oc-27d">
         <name>.debug_info</name>
         <load_address>0x3d7d</load_address>
         <run_address>0x3d7d</run_address>
         <size>0x8b</size>
         <input_file_ref idref="fl-4"/>
      </object_component>
      <object_component id="oc-33b">
         <name>.debug_info</name>
         <load_address>0x3e08</load_address>
         <run_address>0x3e08</run_address>
         <size>0x297</size>
         <input_file_ref idref="fl-4"/>
      </object_component>
      <object_component id="oc-35e">
         <name>.debug_info</name>
         <load_address>0x409f</load_address>
         <run_address>0x409f</run_address>
         <size>0xbb</size>
         <input_file_ref idref="fl-4"/>
      </object_component>
      <object_component id="oc-13f">
         <name>.debug_info</name>
         <load_address>0x415a</load_address>
         <run_address>0x415a</run_address>
         <size>0x5f2</size>
         <input_file_ref idref="fl-5"/>
      </object_component>
      <object_component id="oc-139">
         <name>.debug_info</name>
         <load_address>0x474c</load_address>
         <run_address>0x474c</run_address>
         <size>0xd4</size>
         <input_file_ref idref="fl-5"/>
      </object_component>
      <object_component id="oc-13c">
         <name>.debug_info</name>
         <load_address>0x4820</load_address>
         <run_address>0x4820</run_address>
         <size>0xd4</size>
         <input_file_ref idref="fl-5"/>
      </object_component>
      <object_component id="oc-95">
         <name>.debug_info</name>
         <load_address>0x48f4</load_address>
         <run_address>0x48f4</run_address>
         <size>0x64d</size>
         <input_file_ref idref="fl-5"/>
      </object_component>
      <object_component id="oc-215">
         <name>.debug_info</name>
         <load_address>0x4f41</load_address>
         <run_address>0x4f41</run_address>
         <size>0x2c</size>
         <input_file_ref idref="fl-5"/>
      </object_component>
      <object_component id="oc-e7">
         <name>.debug_info</name>
         <load_address>0x4f6d</load_address>
         <run_address>0x4f6d</run_address>
         <size>0x47d</size>
         <input_file_ref idref="fl-6"/>
      </object_component>
      <object_component id="oc-2e">
         <name>.debug_info</name>
         <load_address>0x53ea</load_address>
         <run_address>0x53ea</run_address>
         <size>0x18e</size>
         <input_file_ref idref="fl-7"/>
      </object_component>
      <object_component id="oc-10">
         <name>.debug_info</name>
         <load_address>0x5578</load_address>
         <run_address>0x5578</run_address>
         <size>0x10d</size>
         <input_file_ref idref="fl-7"/>
      </object_component>
      <object_component id="oc-29">
         <name>.debug_info</name>
         <load_address>0x5685</load_address>
         <run_address>0x5685</run_address>
         <size>0x42e</size>
         <input_file_ref idref="fl-7"/>
      </object_component>
      <object_component id="oc-214">
         <name>.debug_info</name>
         <load_address>0x5ab3</load_address>
         <run_address>0x5ab3</run_address>
         <size>0x3a6</size>
         <input_file_ref idref="fl-9"/>
      </object_component>
      <object_component id="oc-211">
         <name>.debug_info</name>
         <load_address>0x5e59</load_address>
         <run_address>0x5e59</run_address>
         <size>0xd7</size>
         <input_file_ref idref="fl-9"/>
      </object_component>
      <object_component id="oc-f7">
         <name>.debug_info</name>
         <load_address>0x5f30</load_address>
         <run_address>0x5f30</run_address>
         <size>0x63d</size>
         <input_file_ref idref="fl-9"/>
      </object_component>
      <object_component id="oc-1b7">
         <name>.debug_info</name>
         <load_address>0x656d</load_address>
         <run_address>0x656d</run_address>
         <size>0x1dd</size>
         <input_file_ref idref="fl-f"/>
      </object_component>
      <object_component id="oc-285">
         <name>.debug_info</name>
         <load_address>0x674a</load_address>
         <run_address>0x674a</run_address>
         <size>0x1d4</size>
         <input_file_ref idref="fl-f"/>
      </object_component>
      <object_component id="oc-47e">
         <name>.debug_info</name>
         <load_address>0x691e</load_address>
         <run_address>0x691e</run_address>
         <size>0x220</size>
         <input_file_ref idref="fl-10"/>
      </object_component>
      <object_component id="oc-277">
         <name>.debug_info</name>
         <load_address>0x6b3e</load_address>
         <run_address>0x6b3e</run_address>
         <size>0x242</size>
         <input_file_ref idref="fl-10"/>
      </object_component>
      <object_component id="oc-26b">
         <name>.debug_info</name>
         <load_address>0x6d80</load_address>
         <run_address>0x6d80</run_address>
         <size>0x18d</size>
         <input_file_ref idref="fl-10"/>
      </object_component>
      <object_component id="oc-271">
         <name>.debug_info</name>
         <load_address>0x6f0d</load_address>
         <run_address>0x6f0d</run_address>
         <size>0x1da</size>
         <input_file_ref idref="fl-10"/>
      </object_component>
      <object_component id="oc-23b">
         <name>.debug_info</name>
         <load_address>0x70e7</load_address>
         <run_address>0x70e7</run_address>
         <size>0x1ca</size>
         <input_file_ref idref="fl-10"/>
      </object_component>
      <object_component id="oc-241">
         <name>.debug_info</name>
         <load_address>0x72b1</load_address>
         <run_address>0x72b1</run_address>
         <size>0x1d8</size>
         <input_file_ref idref="fl-10"/>
      </object_component>
      <object_component id="oc-25b">
         <name>.debug_info</name>
         <load_address>0x7489</load_address>
         <run_address>0x7489</run_address>
         <size>0x20f</size>
         <input_file_ref idref="fl-10"/>
      </object_component>
      <object_component id="oc-24e">
         <name>.debug_info</name>
         <load_address>0x7698</load_address>
         <run_address>0x7698</run_address>
         <size>0x1be</size>
         <input_file_ref idref="fl-10"/>
      </object_component>
      <object_component id="oc-254">
         <name>.debug_info</name>
         <load_address>0x7856</load_address>
         <run_address>0x7856</run_address>
         <size>0x1a3</size>
         <input_file_ref idref="fl-10"/>
      </object_component>
      <object_component id="oc-260">
         <name>.debug_info</name>
         <load_address>0x79f9</load_address>
         <run_address>0x79f9</run_address>
         <size>0x1be</size>
         <input_file_ref idref="fl-10"/>
      </object_component>
      <object_component id="oc-266">
         <name>.debug_info</name>
         <load_address>0x7bb7</load_address>
         <run_address>0x7bb7</run_address>
         <size>0x193</size>
         <input_file_ref idref="fl-10"/>
      </object_component>
      <object_component id="oc-248">
         <name>.debug_info</name>
         <load_address>0x7d4a</load_address>
         <run_address>0x7d4a</run_address>
         <size>0x1cc</size>
         <input_file_ref idref="fl-10"/>
      </object_component>
      <object_component id="oc-4bb">
         <name>.debug_info</name>
         <load_address>0x7f16</load_address>
         <run_address>0x7f16</run_address>
         <size>0x26b</size>
         <input_file_ref idref="fl-10"/>
      </object_component>
      <object_component id="oc-3ee">
         <name>.debug_info</name>
         <load_address>0x8181</load_address>
         <run_address>0x8181</run_address>
         <size>0x297</size>
         <input_file_ref idref="fl-10"/>
      </object_component>
      <object_component id="oc-34d">
         <name>.debug_info</name>
         <load_address>0x8418</load_address>
         <run_address>0x8418</run_address>
         <size>0xbb</size>
         <input_file_ref idref="fl-10"/>
      </object_component>
      <object_component id="oc-2d3">
         <name>.debug_info</name>
         <load_address>0x84d3</load_address>
         <run_address>0x84d3</run_address>
         <size>0x201</size>
         <input_file_ref idref="fl-11"/>
      </object_component>
      <object_component id="oc-18e">
         <name>.debug_info</name>
         <load_address>0x86d4</load_address>
         <run_address>0x86d4</run_address>
         <size>0xf4</size>
         <input_file_ref idref="fl-11"/>
      </object_component>
      <object_component id="oc-d5">
         <name>.debug_info</name>
         <load_address>0x87c8</load_address>
         <run_address>0x87c8</run_address>
         <size>0x17c</size>
         <input_file_ref idref="fl-11"/>
      </object_component>
      <object_component id="oc-cd">
         <name>.debug_info</name>
         <load_address>0x8944</load_address>
         <run_address>0x8944</run_address>
         <size>0x1ae</size>
         <input_file_ref idref="fl-11"/>
      </object_component>
      <object_component id="oc-db">
         <name>.debug_info</name>
         <load_address>0x8af2</load_address>
         <run_address>0x8af2</run_address>
         <size>0x19f</size>
         <input_file_ref idref="fl-11"/>
      </object_component>
      <object_component id="oc-394">
         <name>.debug_info</name>
         <load_address>0x8c91</load_address>
         <run_address>0x8c91</run_address>
         <size>0x14e</size>
         <input_file_ref idref="fl-12"/>
      </object_component>
      <object_component id="oc-2da">
         <name>.debug_info</name>
         <load_address>0x8ddf</load_address>
         <run_address>0x8ddf</run_address>
         <size>0xf6</size>
         <input_file_ref idref="fl-12"/>
      </object_component>
      <object_component id="oc-1ab">
         <name>.debug_info</name>
         <load_address>0x8ed5</load_address>
         <run_address>0x8ed5</run_address>
         <size>0x1bf</size>
         <input_file_ref idref="fl-12"/>
      </object_component>
      <object_component id="oc-2df">
         <name>.debug_info</name>
         <load_address>0x9094</load_address>
         <run_address>0x9094</run_address>
         <size>0x20d</size>
         <input_file_ref idref="fl-12"/>
      </object_component>
      <object_component id="oc-1c5">
         <name>.debug_info</name>
         <load_address>0x92a1</load_address>
         <run_address>0x92a1</run_address>
         <size>0x1d4</size>
         <input_file_ref idref="fl-12"/>
      </object_component>
      <object_component id="oc-1c9">
         <name>.debug_info</name>
         <load_address>0x9475</load_address>
         <run_address>0x9475</run_address>
         <size>0x1d2</size>
         <input_file_ref idref="fl-12"/>
      </object_component>
      <object_component id="oc-1be">
         <name>.debug_info</name>
         <load_address>0x9647</load_address>
         <run_address>0x9647</run_address>
         <size>0x1d2</size>
         <input_file_ref idref="fl-12"/>
      </object_component>
      <object_component id="oc-1b2">
         <name>.debug_info</name>
         <load_address>0x9819</load_address>
         <run_address>0x9819</run_address>
         <size>0x222</size>
         <input_file_ref idref="fl-12"/>
      </object_component>
      <object_component id="oc-220">
         <name>.debug_info</name>
         <load_address>0x9a3b</load_address>
         <run_address>0x9a3b</run_address>
         <size>0x25e</size>
         <input_file_ref idref="fl-13"/>
      </object_component>
      <object_component id="oc-1d1">
         <name>.debug_info</name>
         <load_address>0x9c99</load_address>
         <run_address>0x9c99</run_address>
         <size>0xff</size>
         <input_file_ref idref="fl-13"/>
      </object_component>
      <object_component id="oc-194">
         <name>.debug_info</name>
         <load_address>0x9d98</load_address>
         <run_address>0x9d98</run_address>
         <size>0x1a6</size>
         <input_file_ref idref="fl-13"/>
      </object_component>
      <object_component id="oc-f2">
         <name>.debug_info</name>
         <load_address>0x9f3e</load_address>
         <run_address>0x9f3e</run_address>
         <size>0x1eb</size>
         <input_file_ref idref="fl-13"/>
      </object_component>
      <object_component id="oc-1a5">
         <name>.debug_info</name>
         <load_address>0xa129</load_address>
         <run_address>0xa129</run_address>
         <size>0x1ed</size>
         <input_file_ref idref="fl-13"/>
      </object_component>
      <object_component id="oc-10a">
         <name>.debug_info</name>
         <load_address>0xa316</load_address>
         <run_address>0xa316</run_address>
         <size>0x216</size>
         <input_file_ref idref="fl-13"/>
      </object_component>
      <object_component id="oc-fe">
         <name>.debug_info</name>
         <load_address>0xa52c</load_address>
         <run_address>0xa52c</run_address>
         <size>0x1c0</size>
         <input_file_ref idref="fl-13"/>
      </object_component>
      <object_component id="oc-df">
         <name>.debug_info</name>
         <load_address>0xa6ec</load_address>
         <run_address>0xa6ec</run_address>
         <size>0x283</size>
         <input_file_ref idref="fl-13"/>
      </object_component>
      <object_component id="oc-198">
         <name>.debug_info</name>
         <load_address>0xa96f</load_address>
         <run_address>0xa96f</run_address>
         <size>0x1bf</size>
         <input_file_ref idref="fl-13"/>
      </object_component>
      <object_component id="oc-19e">
         <name>.debug_info</name>
         <load_address>0xab2e</load_address>
         <run_address>0xab2e</run_address>
         <size>0x1d4</size>
         <input_file_ref idref="fl-13"/>
      </object_component>
      <object_component id="oc-238">
         <name>.debug_info</name>
         <load_address>0xad02</load_address>
         <run_address>0xad02</run_address>
         <size>0x232</size>
         <input_file_ref idref="fl-14"/>
      </object_component>
      <object_component id="oc-228">
         <name>.debug_info</name>
         <load_address>0xaf34</load_address>
         <run_address>0xaf34</run_address>
         <size>0x2dc</size>
         <input_file_ref idref="fl-14"/>
      </object_component>
      <object_component id="oc-22e">
         <name>.debug_info</name>
         <load_address>0xb210</load_address>
         <run_address>0xb210</run_address>
         <size>0x2df</size>
         <input_file_ref idref="fl-14"/>
      </object_component>
      <object_component id="oc-234">
         <name>.debug_info</name>
         <load_address>0xb4ef</load_address>
         <run_address>0xb4ef</run_address>
         <size>0x2e1</size>
         <input_file_ref idref="fl-14"/>
      </object_component>
      <object_component id="oc-117">
         <name>.debug_info</name>
         <load_address>0xb7d0</load_address>
         <run_address>0xb7d0</run_address>
         <size>0x179</size>
         <input_file_ref idref="fl-14"/>
      </object_component>
      <object_component id="oc-105">
         <name>.debug_info</name>
         <load_address>0xb949</load_address>
         <run_address>0xb949</run_address>
         <size>0x177</size>
         <input_file_ref idref="fl-14"/>
      </object_component>
      <object_component id="oc-111">
         <name>.debug_info</name>
         <load_address>0xbac0</load_address>
         <run_address>0xbac0</run_address>
         <size>0x28e</size>
         <input_file_ref idref="fl-14"/>
      </object_component>
      <object_component id="oc-292">
         <name>.debug_info</name>
         <load_address>0xbd4e</load_address>
         <run_address>0xbd4e</run_address>
         <size>0x1aa</size>
         <input_file_ref idref="fl-14"/>
      </object_component>
      <object_component id="oc-28c">
         <name>.debug_info</name>
         <load_address>0xbef8</load_address>
         <run_address>0xbef8</run_address>
         <size>0x1a6</size>
         <input_file_ref idref="fl-14"/>
      </object_component>
      <object_component id="oc-ed">
         <name>.debug_info</name>
         <load_address>0xc09e</load_address>
         <run_address>0xc09e</run_address>
         <size>0x1b0</size>
         <input_file_ref idref="fl-14"/>
      </object_component>
      <object_component id="oc-122">
         <name>.debug_info</name>
         <load_address>0xc24e</load_address>
         <run_address>0xc24e</run_address>
         <size>0x17d</size>
         <input_file_ref idref="fl-14"/>
      </object_component>
      <object_component id="oc-297">
         <name>.debug_info</name>
         <load_address>0xc3cb</load_address>
         <run_address>0xc3cb</run_address>
         <size>0x17f</size>
         <input_file_ref idref="fl-14"/>
      </object_component>
      <object_component id="oc-11d">
         <name>.debug_info</name>
         <load_address>0xc54a</load_address>
         <run_address>0xc54a</run_address>
         <size>0x289</size>
         <input_file_ref idref="fl-14"/>
      </object_component>
      <object_component id="oc-1d5">
         <name>.debug_info</name>
         <load_address>0xc7d3</load_address>
         <run_address>0xc7d3</run_address>
         <size>0x25c</size>
         <input_file_ref idref="fl-15"/>
      </object_component>
      <object_component id="oc-2f1">
         <name>.debug_info</name>
         <load_address>0xca2f</load_address>
         <run_address>0xca2f</run_address>
         <size>0x17e</size>
         <input_file_ref idref="fl-15"/>
      </object_component>
      <object_component id="oc-2eb">
         <name>.debug_info</name>
         <load_address>0xcbad</load_address>
         <run_address>0xcbad</run_address>
         <size>0x180</size>
         <input_file_ref idref="fl-15"/>
      </object_component>
      <object_component id="oc-1e8">
         <name>.debug_info</name>
         <load_address>0xcd2d</load_address>
         <run_address>0xcd2d</run_address>
         <size>0x18a</size>
         <input_file_ref idref="fl-15"/>
      </object_component>
      <object_component id="oc-1ee">
         <name>.debug_info</name>
         <load_address>0xceb7</load_address>
         <run_address>0xceb7</run_address>
         <size>0x19a</size>
         <input_file_ref idref="fl-15"/>
      </object_component>
      <object_component id="oc-1db">
         <name>.debug_info</name>
         <load_address>0xd051</load_address>
         <run_address>0xd051</run_address>
         <size>0x1ab</size>
         <input_file_ref idref="fl-15"/>
      </object_component>
      <object_component id="oc-183">
         <name>.debug_info</name>
         <load_address>0xd1fc</load_address>
         <run_address>0xd1fc</run_address>
         <size>0x14e</size>
         <input_file_ref idref="fl-17"/>
      </object_component>
      <object_component id="oc-30b">
         <name>.debug_info</name>
         <load_address>0xd34a</load_address>
         <run_address>0xd34a</run_address>
         <size>0x211</size>
         <input_file_ref idref="fl-ce"/>
      </object_component>
      <object_component id="oc-1e1">
         <name>.debug_info</name>
         <load_address>0xd55b</load_address>
         <run_address>0xd55b</run_address>
         <size>0x207</size>
         <input_file_ref idref="fl-ce"/>
      </object_component>
      <object_component id="oc-2ff">
         <name>.debug_info</name>
         <load_address>0xd762</load_address>
         <run_address>0xd762</run_address>
         <size>0x1c5</size>
         <input_file_ref idref="fl-ce"/>
      </object_component>
      <object_component id="oc-306">
         <name>.debug_info</name>
         <load_address>0xd927</load_address>
         <run_address>0xd927</run_address>
         <size>0x178</size>
         <input_file_ref idref="fl-ce"/>
      </object_component>
      <object_component id="oc-30c">
         <name>.debug_info</name>
         <load_address>0xda9f</load_address>
         <run_address>0xda9f</run_address>
         <size>0x2c</size>
         <input_file_ref idref="fl-ce"/>
      </object_component>
      <object_component id="oc-311">
         <name>.debug_info</name>
         <load_address>0xdacb</load_address>
         <run_address>0xdacb</run_address>
         <size>0x69</size>
         <input_file_ref idref="fl-ce"/>
      </object_component>
      <object_component id="oc-c8">
         <name>.debug_info</name>
         <load_address>0xdb34</load_address>
         <run_address>0xdb34</run_address>
         <size>0x12d</size>
         <input_file_ref idref="fl-cf"/>
      </object_component>
      <object_component id="oc-c4">
         <name>.debug_info</name>
         <load_address>0xdc61</load_address>
         <run_address>0xdc61</run_address>
         <size>0x128</size>
         <input_file_ref idref="fl-d0"/>
      </object_component>
      <object_component id="oc-3b">
         <name>.debug_info</name>
         <load_address>0xdd89</load_address>
         <run_address>0xdd89</run_address>
         <size>0x118</size>
         <input_file_ref idref="fl-d1"/>
      </object_component>
      <object_component id="oc-40a">
         <name>.debug_info</name>
         <load_address>0xdea1</load_address>
         <run_address>0xdea1</run_address>
         <size>0x133</size>
         <input_file_ref idref="fl-d2"/>
      </object_component>
      <object_component id="oc-87">
         <name>.debug_info</name>
         <load_address>0xdfd4</load_address>
         <run_address>0xdfd4</run_address>
         <size>0x1a5</size>
         <input_file_ref idref="fl-d3"/>
      </object_component>
      <object_component id="oc-49">
         <name>.debug_info</name>
         <load_address>0xe179</load_address>
         <run_address>0xe179</run_address>
         <size>0x1d1</size>
         <input_file_ref idref="fl-d3"/>
      </object_component>
      <object_component id="oc-82">
         <name>.debug_info</name>
         <load_address>0xe34a</load_address>
         <run_address>0xe34a</run_address>
         <size>0x46</size>
         <input_file_ref idref="fl-d3"/>
      </object_component>
      <object_component id="oc-45">
         <name>.debug_info</name>
         <load_address>0xe390</load_address>
         <run_address>0xe390</run_address>
         <size>0x179</size>
         <input_file_ref idref="fl-d4"/>
      </object_component>
      <object_component id="oc-19">
         <name>.debug_info</name>
         <load_address>0xe509</load_address>
         <run_address>0xe509</run_address>
         <size>0x1e9</size>
         <input_file_ref idref="fl-d4"/>
      </object_component>
      <object_component id="oc-40">
         <name>.debug_info</name>
         <load_address>0xe6f2</load_address>
         <run_address>0xe6f2</run_address>
         <size>0x46</size>
         <input_file_ref idref="fl-d4"/>
      </object_component>
      <object_component id="oc-7a">
         <name>.debug_info</name>
         <load_address>0xe738</load_address>
         <run_address>0xe738</run_address>
         <size>0x2c</size>
         <input_file_ref idref="fl-d4"/>
      </object_component>
      <object_component id="oc-78">
         <name>.debug_info</name>
         <load_address>0xe764</load_address>
         <run_address>0xe764</run_address>
         <size>0x16f</size>
         <input_file_ref idref="fl-d5"/>
      </object_component>
      <object_component id="oc-14">
         <name>.debug_info</name>
         <load_address>0xe8d3</load_address>
         <run_address>0xe8d3</run_address>
         <size>0x24f</size>
         <input_file_ref idref="fl-d5"/>
      </object_component>
      <object_component id="oc-30">
         <name>.debug_info</name>
         <load_address>0xeb22</load_address>
         <run_address>0xeb22</run_address>
         <size>0x60</size>
         <input_file_ref idref="fl-d5"/>
      </object_component>
      <object_component id="oc-b2">
         <name>.debug_info</name>
         <load_address>0xeb82</load_address>
         <run_address>0xeb82</run_address>
         <size>0x46</size>
         <input_file_ref idref="fl-d5"/>
      </object_component>
      <object_component id="oc-73">
         <name>.debug_info</name>
         <load_address>0xebc8</load_address>
         <run_address>0xebc8</run_address>
         <size>0x39</size>
         <input_file_ref idref="fl-d5"/>
      </object_component>
      <object_component id="oc-31b">
         <name>.debug_info</name>
         <load_address>0xec01</load_address>
         <run_address>0xec01</run_address>
         <size>0x176</size>
         <input_file_ref idref="fl-d6"/>
      </object_component>
      <object_component id="oc-1fb">
         <name>.debug_info</name>
         <load_address>0xed77</load_address>
         <run_address>0xed77</run_address>
         <size>0x1b5</size>
         <input_file_ref idref="fl-d6"/>
      </object_component>
      <object_component id="oc-6c">
         <name>.debug_info</name>
         <load_address>0xef2c</load_address>
         <run_address>0xef2c</run_address>
         <size>0x283</size>
         <input_file_ref idref="fl-d7"/>
      </object_component>
      <object_component id="oc-21">
         <name>.debug_info</name>
         <load_address>0xf1af</load_address>
         <run_address>0xf1af</run_address>
         <size>0x10b</size>
         <input_file_ref idref="fl-d7"/>
      </object_component>
      <object_component id="oc-3e8">
         <name>.debug_info</name>
         <load_address>0xf2ba</load_address>
         <run_address>0xf2ba</run_address>
         <size>0x13e</size>
         <input_file_ref idref="fl-d7"/>
      </object_component>
      <object_component id="oc-200">
         <name>.debug_info</name>
         <load_address>0xf3f8</load_address>
         <run_address>0xf3f8</run_address>
         <size>0x167</size>
         <input_file_ref idref="fl-d7"/>
      </object_component>
      <object_component id="oc-325">
         <name>.debug_info</name>
         <load_address>0xf55f</load_address>
         <run_address>0xf55f</run_address>
         <size>0x18d</size>
         <input_file_ref idref="fl-d7"/>
      </object_component>
      <object_component id="oc-331">
         <name>.debug_info</name>
         <load_address>0xf6ec</load_address>
         <run_address>0xf6ec</run_address>
         <size>0x19e</size>
         <input_file_ref idref="fl-d7"/>
      </object_component>
      <object_component id="oc-20c">
         <name>.debug_info</name>
         <load_address>0xf88a</load_address>
[...]
      </symbol>
      <symbol id="sm-1b9">
         <name>g_pfnVectors</name>
         <value>0x20004000</value>
         <object_component_ref idref="oc-f"/>
      </symbol>
      <symbol id="sm-1f7">
         <name>GetCmd</name>
         <value>0x20006363</value>
         <object_component_ref idref="oc-f6"/>
      </symbol>
      <symbol id="sm-1f8">
         <name>Message</name>
         <value>0x200062ff</value>
         <object_component_ref idref="oc-f6"/>
      </symbol>
      <symbol id="sm-1f9">
         <name>Report</name>
         <value>0x200064a1</value>
         <object_component_ref idref="oc-f6"/>
      </symbol>
      <symbol id="sm-1fa">
         <name>Error</name>
         <value>0x2000632b</value>
         <object_component_ref idref="oc-f6"/>
      </symbol>
      <symbol id="sm-1fb">
         <name>InitTerm</name>
         <value>0x200062e1</value>
         <object_component_ref idref="oc-f6"/>
      </symbol>
      <symbol id="sm-1fc">
         <name>ClearTerm</name>
         <value>0x20006321</value>
         <object_component_ref idref="oc-f6"/>
      </symbol>
      <symbol id="sm-1fd">
         <name>TrimSpace</name>
         <value>0x20006409</value>
         <object_component_ref idref="oc-f6"/>
      </symbol>
      <symbol id="sm-211">
         <name>GPIODirModeSet</name>
         <value>0x20008575</value>
         <object_component_ref idref="oc-1b6"/>
      </symbol>
      <symbol id="sm-212">
         <name>GPIOPinWrite</name>
         <value>0x200087c5</value>
         <object_component_ref idref="oc-283"/>
      </symbol>
      <symbol id="sm-28b">
         <name>I2CMasterDataPut</name>
         <value>0x200089cb</value>
         <object_component_ref idref="oc-25e"/>
      </symbol>
      <symbol id="sm-28c">
         <name>I2CMasterInitExpClk</name>
         <value>0x20007ec5</value>
         <object_component_ref idref="oc-276"/>
      </symbol>
      <symbol id="sm-28d">
         <name>I2CMasterIntClearEx</name>
         <value>0x20008a87</value>
         <object_component_ref idref="oc-240"/>
      </symbol>
      <symbol id="sm-28e">
         <name>I2CMasterSlaveAddrSet</name>
         <value>0x20008781</value>
         <object_component_ref idref="oc-258"/>
      </symbol>
      <symbol id="sm-28f">
         <name>I2CMasterDataGet</name>
         <value>0x20008abd</value>
         <object_component_ref idref="oc-264"/>
      </symbol>
      <symbol id="sm-290">
         <name>I2CMasterIntEnableEx</name>
         <value>0x2000893b</value>
         <object_component_ref idref="oc-270"/>
      </symbol>
      <symbol id="sm-291">
         <name>I2CMasterErr</name>
         <value>0x2000866b</value>
         <object_component_ref idref="oc-252"/>
      </symbol>
      <symbol id="sm-292">
         <name>I2CMasterTimeoutSet</name>
         <value>0x20008a99</value>
         <object_component_ref idref="oc-246"/>
      </symbol>
      <symbol id="sm-293">
         <name>I2CMasterControl</name>
         <value>0x20008a75</value>
         <object_component_ref idref="oc-24c"/>
      </symbol>
      <symbol id="sm-294">
         <name>I2CMasterEnable</name>
         <value>0x200089e1</value>
         <object_component_ref idref="oc-26a"/>
      </symbol>
      <symbol id="sm-295">
         <name>I2CMasterIntStatusEx</name>
         <value>0x20008805</value>
         <object_component_ref idref="oc-23a"/>
      </symbol>
      <symbol id="sm-2c4">
         <name>IntVTableBaseSet</name>
         <value>0x20008a4d</value>
         <object_component_ref idref="oc-cc"/>
      </symbol>
      <symbol id="sm-2c5">
         <name>IntEnable</name>
         <value>0x20007999</value>
         <object_component_ref idref="oc-d8"/>
      </symbol>
      <symbol id="sm-2c6">
         <name>IntMasterEnable</name>
         <value>0x20008af3</value>
         <object_component_ref idref="oc-d2"/>
      </symbol>
      <symbol id="sm-30d">
         <name>PinTypeI2C</name>
         <value>0x2000885f</value>
         <object_component_ref idref="oc-1c8"/>
      </symbol>
      <symbol id="sm-30e">
         <name>PinTypeUART</name>
         <value>0x20008907</value>
         <object_component_ref idref="oc-1c2"/>
      </symbol>
      <symbol id="sm-30f">
         <name>PinTypeGPIO</name>
         <value>0x200085ab</value>
         <object_component_ref idref="oc-1b0"/>
      </symbol>
      <symbol id="sm-310">
         <name>PinConfigSet</name>
         <value>0x20007ca9</value>
         <object_component_ref idref="oc-2dd"/>
      </symbol>
      <symbol id="sm-311">
         <name>PinTypeSPI</name>
         <value>0x200088ed</value>
         <object_component_ref idref="oc-1bc"/>
      </symbol>
      <symbol id="sm-312">
         <name>PinModeSet</name>
         <value>0x20008409</value>
         <object_component_ref idref="oc-1aa"/>
      </symbol>
      <symbol id="sm-398">
         <name>PRCMPeripheralReset</name>
         <value>0x200081dd</value>
         <object_component_ref idref="oc-fc"/>
      </symbol>
      <symbol id="sm-399">
         <name>PRCMPeripheralClkEnable</name>
         <value>0x200084c9</value>
         <object_component_ref idref="oc-f0"/>
      </symbol>
      <symbol id="sm-39a">
         <name>PRCMPeripheralClockGet</name>
         <value>0x20007c15</value>
         <object_component_ref idref="oc-108"/>
      </symbol>
      <symbol id="sm-39b">
         <name>PRCMCC3200MCUInit</name>
         <value>0x20006cd1</value>
         <object_component_ref idref="oc-de"/>
      </symbol>
      <symbol id="sm-39c">
         <name>PRCMHIBRegWrite</name>
         <value>0x20008a0d</value>
         <object_component_ref idref="oc-19d"/>
      </symbol>
      <symbol id="sm-39d">
         <name>PRCMSysResetCauseGet</name>
         <value>0x20008699</value>
         <object_component_ref idref="oc-191"/>
      </symbol>
      <symbol id="sm-39e">
         <name>PRCMPeripheralClkDisable</name>
         <value>0x200086c5</value>
         <object_component_ref idref="oc-1a3"/>
      </symbol>
      <symbol id="sm-39f">
         <name>PRCMHIBRegRead</name>
         <value>0x200089f7</value>
         <object_component_ref idref="oc-197"/>
      </symbol>
      <symbol id="sm-42d">
         <name>SPITransfer</name>
         <value>0x20007d31</value>
         <object_component_ref idref="oc-11a"/>
      </symbol>
      <symbol id="sm-42e">
         <name>SPICSEnable</name>
         <value>0x2000896b</value>
         <object_component_ref idref="oc-120"/>
      </symbol>
      <symbol id="sm-42f">
         <name>SPIFIFOEnable</name>
         <value>0x20008921</value>
         <object_component_ref idref="oc-ea"/>
      </symbol>
      <symbol id="sm-430">
         <name>SPIDataPut</name>
         <value>0x20008823</value>
         <object_component_ref idref="oc-289"/>
      </symbol>
      <symbol id="sm-431">
         <name>SPIEnable</name>
         <value>0x20008983</value>
         <object_component_ref idref="oc-114"/>
      </symbol>
      <symbol id="sm-432">
         <name>SPIDataGet</name>
         <value>0x200087e5</value>
         <object_component_ref idref="oc-28f"/>
      </symbol>
      <symbol id="sm-433">
         <name>SPIConfigSetExpClk</name>
         <value>0x20007a41</value>
         <object_component_ref idref="oc-10e"/>
      </symbol>
      <symbol id="sm-434">
         <name>SPIReset</name>
         <value>0x200087a3</value>
         <object_component_ref idref="oc-102"/>
      </symbol>
      <symbol id="sm-435">
         <name>SPICSDisable</name>
         <value>0x20008953</value>
         <object_component_ref idref="oc-295"/>
      </symbol>
      <symbol id="sm-471">
         <name>UARTConfigSetExpClk</name>
         <value>0x20007fc3</value>
         <object_component_ref idref="oc-1d4"/>
      </symbol>
      <symbol id="sm-472">
         <name>UARTDisable</name>
         <value>0x200085dd</value>
         <object_component_ref idref="oc-2ea"/>
      </symbol>
      <symbol id="sm-473">
         <name>UARTCharsAvail</name>
         <value>0x2000899b</value>
         <object_component_ref idref="oc-1e6"/>
      </symbol>
      <symbol id="sm-474">
         <name>UARTCharGetNonBlocking</name>
         <value>0x2000887b</value>
         <object_component_ref idref="oc-1ec"/>
      </symbol>
      <symbol id="sm-475">
         <name>UARTCharPut</name>
         <value>0x20008841</value>
         <object_component_ref idref="oc-1da"/>
      </symbol>
      <symbol id="sm-476">
         <name>UARTEnable</name>
         <value>0x20008715</value>
         <object_component_ref idref="oc-2f0"/>
      </symbol>
      <symbol id="sm-47a">
         <name>UtilsDelay</name>
         <value>0x20008b0d</value>
         <object_component_ref idref="oc-2d5"/>
      </symbol>
      <symbol id="sm-484">
         <name>CPUcpsie</name>
         <value>0x20008a39</value>
         <object_component_ref idref="oc-181"/>
      </symbol>
      <symbol id="sm-4b4">
         <name>vsnprintf</name>
         <value>0x20008449</value>
         <object_component_ref idref="oc-1e0"/>
      </symbol>
      <symbol id="sm-4be">
         <name>__aeabi_f2iz</name>
         <value>0x20008505</value>
         <object_component_ref idref="oc-c7"/>
      </symbol>
      <symbol id="sm-4c9">
         <name>__aeabi_i2f</name>
         <value>0x2000853d</value>
         <object_component_ref idref="oc-c2"/>
      </symbol>
      <symbol id="sm-4e4">
         <name>memcpy</name>
         <value>0x20007ae1</value>
         <object_component_ref idref="oc-3a"/>
      </symbol>
      <symbol id="sm-4e5">
         <name>__aeabi_memcpy</name>
         <value>0x20007ae1</value>
         <object_component_ref idref="oc-3a"/>
      </symbol>
      <symbol id="sm-4e6">
         <name>__aeabi_memcpy8</name>
         <value>0x20007ae1</value>
         <object_component_ref idref="oc-3a"/>
      </symbol>
      <symbol id="sm-4e7">
         <name>__aeabi_memcpy4</name>
         <value>0x20007ae1</value>
         <object_component_ref idref="oc-3a"/>
      </symbol>
      <symbol id="sm-4f4">
         <name>__aeabi_uldivmod</name>
         <value>0x20007b7d</value>
         <object_component_ref idref="oc-409"/>
      </symbol>
      <symbol id="sm-508">
         <name>__TI_zero_init_nomemset</name>
         <value>0x20008897</value>
         <object_component_ref idref="oc-46"/>
      </symbol>
      <symbol id="sm-51f">
         <name>__TI_decompress_none</name>
         <value>0x20008acb</value>
         <object_component_ref idref="oc-18"/>
      </symbol>
      <symbol id="sm-542">
         <name>__TI_decompress_lzss</name>
         <value>0x20008117</value>
         <object_component_ref idref="oc-12"/>
      </symbol>
      <symbol id="sm-552">
         <name>memmove</name>
         <value>0x2000875d</value>
         <object_component_ref idref="oc-1f8"/>
      </symbol>
      <symbol id="sm-5f0">
         <name>_sys_memory</name>
         <value>0x20017000</value>
         <object_component_ref idref="oc-20"/>
      </symbol>
      <symbol id="sm-5f1">
         <name>free</name>
         <value>0x200074d9</value>
         <object_component_ref idref="oc-20a"/>
      </symbol>
      <symbol id="sm-5f2">
         <name>realloc</name>
         <value>0x200073f1</value>
         <object_component_ref idref="oc-204"/>
      </symbol>
      <symbol id="sm-5f3">
         <name>memalign</name>
         <value>0x200071dd</value>
         <object_component_ref idref="oc-31c"/>
      </symbol>
      <symbol id="sm-5f4">
         <name>malloc</name>
         <value>0x20008b05</value>
         <object_component_ref idref="oc-1fe"/>
      </symbol>
      <symbol id="sm-5f5">
         <name>aligned_alloc</name>
         <value>0x200071dd</value>
         <object_component_ref idref="oc-31c"/>
      </symbol>
      <symbol id="sm-603">
         <name>strlen</name>
         <value>0x20008a61</value>
         <object_component_ref idref="oc-1f2"/>
      </symbol>
      <symbol id="sm-615">
         <name>__stack</name>
         <value>0x2002f800</value>
         <object_component_ref idref="oc-23"/>
      </symbol>
      <symbol id="sm-616">
         <name>_c_int00_noargs</name>
         <value>0x20008739</value>
         <object_component_ref idref="oc-58"/>
      </symbol>
      <symbol id="sm-77b">
         <name>__TI_printfi</name>
         <value>0x20004e81</value>
         <object_component_ref idref="oc-2f8"/>
      </symbol>
      <symbol id="sm-785">
         <name>__aeabi_idiv0</name>
         <value>0x20005d73</value>
         <object_component_ref idref="oc-484"/>
      </symbol>
      <symbol id="sm-786">
         <name>__aeabi_ldiv0</name>
         <value>0x20005d73</value>
         <object_component_ref idref="oc-484"/>
      </symbol>
      <symbol id="sm-79d">
         <name>__aeabi_dsub</name>
         <value>0x20006995</value>
         <object_component_ref idref="oc-42f"/>
      </symbol>
      <symbol id="sm-79e">
         <name>__aeabi_dadd</name>
         <value>0x2000699f</value>
         <object_component_ref idref="oc-42f"/>
      </symbol>
      <symbol id="sm-7c0">
         <name>__aeabi_cdcmpeq</name>
         <value>0x20007db9</value>
         <object_component_ref idref="oc-3a4"/>
      </symbol>
      <symbol id="sm-7c1">
         <name>__aeabi_cdcmple</name>
         <value>0x20007db9</value>
         <object_component_ref idref="oc-3a4"/>
      </symbol>
      <symbol id="sm-7c2">
         <name>__aeabi_cdrcmple</name>
         <value>0x20007e3f</value>
         <object_component_ref idref="oc-41a"/>
      </symbol>
      <symbol id="sm-7d6">
         <name>__aeabi_ddiv</name>
         <value>0x20006f85</value>
         <object_component_ref idref="oc-415"/>
      </symbol>
      <symbol id="sm-7e1">
         <name>__aeabi_dmul</name>
         <value>0x200072f5</value>
         <object_component_ref idref="oc-410"/>
      </symbol>
      <symbol id="sm-7eb">
         <name>__aeabi_d2iz</name>
         <value>0x2000837d</value>
         <object_component_ref idref="oc-41f"/>
      </symbol>
      <symbol id="sm-7f5">
         <name>__aeabi_i2d</name>
         <value>0x2000863d</value>
         <object_component_ref idref="oc-42a"/>
      </symbol>
      <symbol id="sm-804">
         <name>__aeabi_memset</name>
         <value>0x20007f4b</value>
         <object_component_ref idref="oc-88"/>
      </symbol>
      <symbol id="sm-805">
         <name>memset</name>
         <value>0x20007f51</value>
         <object_component_ref idref="oc-88"/>
      </symbol>
      <symbol id="sm-806">
         <name>__aeabi_memset8</name>
         <value>0x20007f4b</value>
         <object_component_ref idref="oc-88"/>
      </symbol>
      <symbol id="sm-807">
         <name>__aeabi_memset4</name>
         <value>0x20007f4b</value>
         <object_component_ref idref="oc-88"/>
      </symbol>
      <symbol id="sm-808">
         <name>__aeabi_memclr8</name>
         <value>0x20007f49</value>
         <object_component_ref idref="oc-88"/>
      </symbol>
      <symbol id="sm-809">
         <name>__aeabi_memclr4</name>
         <value>0x20007f49</value>
         <object_component_ref idref="oc-88"/>
      </symbol>
      <symbol id="sm-80a">
         <name>__aeabi_memclr</name>
         <value>0x20007f49</value>
         <object_component_ref idref="oc-88"/>
      </symbol>
      <symbol id="sm-832">
         <name>__TI_auto_init_nobinit_nopinit</name>
         <value>0x200083c5</value>
         <object_component_ref idref="oc-14c"/>
      </symbol>
      <symbol id="sm-83c">
         <name>_system_pre_init</name>
         <value>0x20008b13</value>
         <object_component_ref idref="oc-8e"/>
      </symbol>
      <symbol id="sm-848">
         <name>C$$EXIT</name>
         <value>0x20008b17</value>
         <object_component_ref idref="oc-140"/>
      </symbol>
      <symbol id="sm-849">
         <name>abort</name>
         <value>0x20008b17</value>
         <object_component_ref idref="oc-140"/>
      </symbol>
      <symbol id="sm-85e">
         <name>_nop</name>
         <value>0x200058cf</value>
         <object_component_ref idref="oc-371"/>
      </symbol>
      <symbol id="sm-85f">
         <name>_lock</name>
         <value>0x200178e4</value>
         <object_component_ref idref="oc-2b4"/>
      </symbol>
      <symbol id="sm-860">
         <name>_unlock</name>
         <value>0x200178e8</value>
         <object_component_ref idref="oc-2b4"/>
      </symbol>
      <symbol id="sm-877">
         <name>atoi</name>
         <value>0x20008331</value>
         <object_component_ref idref="oc-398"/>
      </symbol>
      <symbol id="sm-882">
         <name>_ctypes_</name>
         <value>0x20009017</value>
         <object_component_ref idref="oc-404"/>
      </symbol>
      <symbol id="sm-891">
         <name>ltoa</name>
         <value>0x2000828b</value>
         <object_component_ref idref="oc-424"/>
      </symbol>
      <symbol id="sm-8a1">
         <name>memccpy</name>
         <value>0x200088d1</value>
         <object_component_ref idref="oc-3c1"/>
      </symbol>
      <symbol id="sm-8b1">
         <name>strchr</name>
         <value>0x20008a23</value>
         <object_component_ref idref="oc-45b"/>
      </symbol>
      <symbol id="sm-8c7">
         <name>__aeabi_errno_addr</name>
         <value>0x20008afd</value>
         <object_component_ref idref="oc-3cd"/>
      </symbol>
      <symbol id="sm-8c8">
         <name>errno</name>
         <value>0x200178f4</value>
         <object_component_ref idref="oc-46b"/>
      </symbol>
      <symbol id="sm-8e1">
         <name>wcslen</name>
         <value>0x20008aab</value>
         <object_component_ref idref="oc-3c7"/>
      </symbol>
      <symbol id="sm-901">
         <name>frexpl</name>
         <value>0x20008181</value>
         <object_component_ref idref="oc-44f"/>
      </symbol>
      <symbol id="sm-902">
         <name>frexp</name>
         <value>0x20008181</value>
         <object_component_ref idref="oc-44f"/>
      </symbol>
      <symbol id="sm-920">
         <name>scalbn</name>
         <value>0x2000768d</value>
         <object_component_ref idref="oc-455"/>
      </symbol>
      <symbol id="sm-921">
         <name>scalbnl</name>
         <value>0x2000768d</value>
         <object_component_ref idref="oc-455"/>
      </symbol>
      <symbol id="sm-922">
         <name>ldexpl</name>
         <value>0x2000768d</value>
         <object_component_ref idref="oc-455"/>
      </symbol>
      <symbol id="sm-923">
         <name>ldexp</name>
         <value>0x2000768d</value>
         <object_component_ref idref="oc-455"/>
      </symbol>
      <symbol id="sm-92d">
         <name>copysign</name>
         <value>0x20008ae7</value>
         <object_component_ref idref="oc-49d"/>
      </symbol>
      <symbol id="sm-92e">
         <name>copysignl</name>
         <value>0x20008ae7</value>
         <object_component_ref idref="oc-49d"/>
      </symbol>
      <symbol id="sm-92f">
         <name>__TI_static_base__</name>
         <value>0x200092d8</value>
      </symbol>
      <symbol id="sm-932">
         <name>__mpu_init</name>
         <value>0x0</value>
      </symbol>
      <symbol id="sm-933">
         <name>_system_post_cinit</name>
         <value>0x0</value>
      </symbol>
   </symbol_table>
   <title>Link successful</title>
</link_info>
